id: 389392374002, values: 1000000905, 5000000958, 2000000408
id: 389392374003, values: 2000000416, 5000000158, 27
id: 389392374002, values: 2000000652, 1000000407, 2000000403
id: 389392374001, values: 4000000900, 6000000201, 81
id: 389392374004, values: 3000000158, 4000000841, 1000000364
id: 389392374001, values: 3000000807, 5000000792, 2000000510
id: 389392374003, values: 6000000064, 5000000158, 3000000279
id: 389392374005, values: 1000000263, 5000000565, 6000000494
id: 389392374004, values: 2000000893, 5000000310, 2000000556
id: 389392374002, values: 988, 1000000156, 4000000774
id: 389392374003, values: 274, 4000000170, 4000000377
id: 389392374004, values: 5000000857, 6000000097, 95
id: 389392374005, values: 6000000675, 827, 2000000078
id: 389392374002, values: 6000000868, 789, 5000000786
id: 389392374005, values: 6000000365, 4000000935, 621
id: 389392374004, values: 6000000389, 2000000341, 4000000420
id: 389392374001, values: 5000000011, 3000000147, 2000000895
id: 389392374001, values: 3000000457, 5000000394, 950
id: 389392374003, values: 6000000382, 4000000905, 2000000608
id: 389392374005, values: 4000000065, 2000000163, 3000000456
id: 389392374003, values: 4000000828, 5000000175, 6000000040
id: 389392374004, values: 3000000670, 5000000408, 637
id: 389392374001, values: 5000000008, 4000000243, 5000000074
id: 389392374002, values: 2000000273, 4000000548, 4000000078
id: 389392374005, values: 5000000434, 1000000317, 1000000813
id: 389392374003, values: 3000000574, 290, 6000000357
id: 389392374004, values: 3000000209, 257, 1000000357
id: 389392374002, values: 5000000020, 1000000149, 4000000891
id: 389392374001, values: 5000000975, 4000000707, 6000000324
id: 389392374005, values: 5000000481, 5000000025, 4000000219
id: 389392374003, values: 3000000484, 5000000291, 6000000253
id: 389392374004, values: 985, 4000000547, 5000000179
id: 389392374005, values: 2000000518, 6000000744, 3000000950
id: 389392374002, values: 580, 5000000607, 4000000766
id: 389392374003, values: 591, 2000000738, 3000000324
id: 389392374004, values: 5000000498, 137, 1000000419
id: 389392374004, values: 6000000018, 1000000410, 2000000384
id: 389392374002, values: 2000000873, 4000000404, 1000000872
id: 389392374001, values: 5000000491, 2000000366, 865
id: 389392374005, values: 564, 6000000556, 5000000552
id: 389392374003, values: 5000000193, 2000000481, 3000000433
id: 389392374003, values: 3000000945, 5000000019, 480
id: 389392374001, values: 6000000258, 1000000017, 6000000212
id: 389392374005, values: 2000000912, 6000000481, 5000000765
id: 389392375004, values: 4000000896, 3000000447, 6000000661
id: 389392375002, values: 6000000080, 3000000934, 6000000359
id: 389392375001, values: 46, 2000000187, 3000000704
id: 389392375004, values: 691, 4000000570, 4000000236
id: 389392375003, values: 3000000276, 1000000222, 3000000496
id: 389392375005, values: 2000000908, 6000000328, 4000000531
id: 389392375002, values: 1000000548, 206, 2000000299
id: 389392375004, values: 6000000529, 2000000145, 2000000051
id: 389392375001, values: 1000000182, 4000000075, 1000000597
id: 389392375004, values: 3000000901, 6000000396, 3000000585
id: 389392375003, values: 1000000447, 1000000753, 1000000039
id: 389392375005, values: 6000000231, 4000000663, 6000000489
id: 389392375004, values: 3000000379, 6000000352, 4000000209
id: 389392375002, values: 62, 856, 6000000757
id: 389392375003, values: 6000000646, 2000000876, 5000000638
id: 389392375001, values: 6000000795, 5000000476, 6000000336
id: 389392375004, values: 2000000720, 2000000170, 2000000828
id: 389392375003, values: 5000000858, 3000000810, 6000000370
id: 389392375002, values: 4000000319, 2000000415, 5000000359
id: 389392375005, values: 4000000700, 2000000275, 5000000006
id: 389392375003, values: 6000000942, 2000000713, 4000000623
id: 389392375005, values: 6000000749, 6000000159, 5000000922
id: 389392375002, values: 3000000737, 3000000782, 2000000935
id: 389392375004, values: 5000000318, 4000000948, 1000000276
id: 389392375001, values: 5000000324, 380, 6000000578
id: 389392375003, values: 4000000126, 6000000538, 2000000781
id: 389392375001, values: 360, 727, 206
id: 389392375004, values: 1000000208, 6000000809, 5000000334
id: 389392375005, values: 3000000138, 636, 6000000497
id: 389392375002, values: 6000000126, 2000000452, 601
id: 389392375002, values: 2000000835, 2000000552, 6000000125
id: 389392375004, values: 6000000752, 389, 877
id: 389392375005, values: 3000000473, 3000000199, 4000000564
id: 389392375002, values: 5000000298, 5000000300, 4000000278
id: 389392375003, values: 6000000062, 2000000516, 6000000361
id: 389392375003, values: 962, 5000000072, 6000000113
id: 389392375004, values: 6000000493, 3000000954, 1000000041
id: 389392375002, values: 5000000063, 6000000889, 5000000614
id: 389392375003, values: 5000000777, 4000000849, 6000000381
id: 389392375001, values: 1000000534, 449, 3000000706
id: 389392375003, values: 1000000806, 3000000303, 4000000293
id: 389392375002, values: 5000000888, 2000000628, 1000000971
id: 389392375001, values: 5000000819, 5000000534, 4000000364
id: 389392375003, values: 6000000455, 398, 5000000951
id: 389392375005, values: 1000000442, 1000000194, 2000000249
id: 389392375005, values: 3000000444, 4000000282, 6000000591
id: 389392375004, values: 6000000332, 4000000858, 2000000266
id: 389392375002, values: 4000000374, 181, 1000000050
id: 389392375005, values: 757, 6000000811, 629
id: 389392375003, values: 4000000202, 6000000192, 6000000164
id: 389392375001, values: 1000000607, 5000000916, 4000000939
id: 389392375001, values: 3000000535, 1000000845, 5000000848
id: 389392375002, values: 1000000128, 3000000129, 3000000282
id: 389392375004, values: 6000000022, 2000000086, 6000000991
id: 389392375003, values: 3000000669, 5000000818, 4000000685
id: 389392375002, values: 5000000091, 223, 4000000207
id: 389392375005, values: 767, 6000000906, 4000000518
id: 389392376002, values: 4000000786, 4000000856, 1000000470
id: 389392376002, values: 5000000874, 4000000797, 2000000171
id: 389392376004, values: 297, 658, 2000000552
id: 389392376005, values: 1000000446, 4000000608, 5000000434
id: 389392376001, values: 4000000830, 6000000859, 1000000833
id: 389392376005, values: 1000000528, 6000000202, 5000000934
id: 389392376004, values: 3000000031, 4000000223, 3000000408
id: 389392376002, values: 4000000657, 5000000177, 2000000276
id: 389392376001, values: 6000000960, 3000000834, 2000000850
id: 389392376005, values: 6000000809, 6000000894, 6000000559
id: 389392376002, values: 941, 5000000991, 3000000505
id: 389392376004, values: 4000000776, 1000000179, 2000000240
id: 389392376003, values: 1000000846, 2000000194, 4000000589
id: 389392376002, values: 3000000508, 4000000125, 3000000163
id: 389392376004, values: 4000000191, 4000000142, 5000000680
id: 389392376001, values: 872, 5000000713, 1000000962
id: 389392376005, values: 131, 5000000619, 5000000464
id: 389392376005, values: 6000000016, 5000000030, 5000000226
id: 389392376001, values: 6000000901, 4000000680, 1000000061
id: 389392376003, values: 437, 2000000859, 3000000338
id: 389392376004, values: 151, 618, 2000000891
id: 389392376003, values: 3000000420, 3000000648, 270
id: 389392376005, values: 5000000969, 1000000415, 1000000115
id: 389392376002, values: 6000000332, 2000000122, 1000000944
id: 389392376004, values: 5000000674, 4000000093, 1000000042
id: 389392376003, values: 3000000040, 6000000252, 776
id: 389392376004, values: 5000000724, 2000000569, 5000000439
id: 389392376005, values: 6000000704, 981, 360
id: 389392376003, values: 4000000067, 469, 905
id: 389392376001, values: 2000000195, 6000000078, 3000000668
id: 389392376004, values: 6000000861, 6000000172, 2000000288
id: 389392376002, values: 666, 1000000932, 4000000565
id: 389392376003, values: 5000000861, 6000000169, 5000000251
id: 389392376004, values: 965, 2000000222, 3000000091
id: 389392376005, values: 3000000531, 4000000126, 2000000572
id: 389392376001, values: 4000000970, 5000000789, 4000000221
id: 389392376002, values: 5000000963, 666, 1000000715
id: 389392376004, values: 5000000946, 4000000472, 4000000198
id: 389392376001, values: 1000000660, 5000000346, 4000000113
id: 389392376002, values: 2000000328, 1000000132, 5000000774
id: 389392376005, values: 1000000440, 2000000554, 290
id: 389392376002, values: 2000000908, 6000000055, 2000000330
id: 389392376001, values: 1000000353, 5000000475, 6000000901
id: 389392376003, values: 1000000428, 2000000095, 2000000952
id: 389392376004, values: 1000000479, 577, 3000000936
id: 389392376005, values: 5000000436, 1000000445, 553
id: 389392376002, values: 331, 3000000613, 449
id: 389392376001, values: 1000000371, 433, 4000000903
id: 389392376001, values: 4000000843, 4000000218, 1000000523
id: 389392376002, values: 5000000017, 3000000265, 3000000765
id: 389392376003, values: 1000000709, 2000000602, 2000000660
id: 389392376001, values: 2000000017, 3000000931, 186
id: 389392376005, values: 2000000669, 451, 91
id: 389392376004, values: 3000000470, 1000000555, 290
id: 389392376002, values: 2000000023, 3000000699, 1000000896
id: 389392377004, values: 6000000558, 5000000613, 1000000748
id: 389392377003, values: 2000000471, 5000000750, 3000000830
id: 389392377005, values: 3000000750, 6000000714, 1000000341
id: 389392377001, values: 825, 6000000804, 724
id: 389392377004, values: 2000000068, 5000000452, 4000000403
id: 389392377002, values: 2000000781, 1000000857, 2000000777
id: 389392377003, values: 3000000252, 510, 1000000127
id: 389392377004, values: 6000000320, 1000000015, 6000000886
id: 389392377005, values: 4000000512, 3000000866, 3000000154
id: 389392377002, values: 1000000601, 1000000726, 416
id: 389392377001, values: 3000000834, 3000000604, 869
id: 389392377003, values: 4000000909, 5000000269, 1000000113
id: 389392377004, values: 4000000093, 6000000951, 6000000766
id: 389392377002, values: 4000000680, 5000000473, 3000000053
id: 389392377001, values: 4000000349, 6000000842, 859
id: 389392377004, values: 1000000104, 1000000304, 5000000371
id: 389392377002, values: 4000000109, 477, 4000000240
id: 389392377003, values: 2000000453, 6000000682, 3000000095
id: 389392377003, values: 4000000001, 718, 446
id: 389392377002, values: 1000000608, 361, 3000000565
id: 389392377005, values: 4000000814, 5000000724, 1000000141
id: 389392377002, values: 4000000683, 5000000997, 2000000511
id: 389392377003, values: 3000000493, 5000000094, 5000000777
id: 389392377001, values: 2000000798, 2000000035, 6000000348
id: 389392377004, values: 424, 2000000029, 2000000080
id: 389392377001, values: 6000000455, 1000000208, 3000000386
id: 389392377003, values: 3000000889, 4000000472, 3000000434
id: 389392377005, values: 3000000009, 4000000927, 1000000261
id: 389392377004, values: 1000000899, 3000000251, 6000000154
id: 389392377001, values: 6000000254, 6000000361, 4000000062
id: 389392377002, values: 5000000664, 3000000375, 6000000687
id: 389392377005, values: 3000000223, 406, 5000000128
id: 389392377001, values: 1000000163, 397, 5000000169
id: 389392377003, values: 1000000156, 4000000688, 3000000735
id: 389392377005, values: 6000000193, 1000000494, 1000000276
id: 389392377001, values: 478, 3000000781, 1000000201
id: 389392377002, values: 3000000819, 214, 910
id: 389392377004, values: 1000000510, 1000000357, 3000000736
id: 389392377005, values: 6000000171, 5000000971, 475
id: 389392377002, values: 2000000661, 5000000687, 5000000391
id: 389392377004, values: 6000000444, 2000000613, 5000000058
id: 389392377004, values: 5000000936, 2000000415, 5000000249
id: 389392377005, values: 4000000898, 2000000539, 1000000669
id: 389392377001, values: 3000000108, 4000000766, 6000000832
id: 389392377005, values: 6000000896, 1000000121, 6000000741
id: 389392377004, values: 6000000189, 4000000344, 34
id: 389392377002, values: 1000000268, 3000000279, 1000000148
id: 389392377005, values: 4000000980, 6000000313, 6000000297
id: 389392377001, values: 6000000189, 5000000012, 6000000394
id: 389392377003, values: 4000000407, 3000000706, 4000000567
id: 389392377002, values: 1000000825, 6000000466, 2000000804
id: 389392377004, values: 6000000593, 874, 5000000643
id: 389392377005, values: 4000000778, 3000000032, 2000000771
id: 389392377004, values: 4000000630, 5000000755, 1000000290
id: 389392377003, values: 6000000366, 6000000611, 5000000035
id: 389392377001, values: 4000000875, 61, 734
id: 389392377003, values: 2000000686, 327, 3000000144
id: 389392378002, values: 1000000802, 6000000700, 4000000994
id: 389392378001, values: 2000000914, 5000000814, 1000000625
id: 389392378002, values: 354, 4000000255, 2000000820
id: 389392378004, values: 5000000063, 2000000735, 1000000016
id: 389392378003, values: 1000000577, 4000000152, 2000000085
id: 389392378005, values: 944, 4000000538, 6000000081
id: 389392378003, values: 2000000319, 1000000462, 6000000329
id: 389392378001, values: 475, 4000000267, 782
id: 389392378002, values: 771, 6000000773, 3000000522
id: 389392378003, values: 985, 4000000798, 6000000864
id: 389392378001, values: 6000000408, 3000000164, 1000000146
id: 389392378003, values: 5000000157, 5000000330, 1000000691
id: 389392378004, values: 5000000215, 6000000411, 6000000329
id: 389392378001, values: 5000000504, 878, 2000000603
id: 389392378002, values: 3000000104, 3000000878, 2000000058
id: 389392378005, values: 3000000146, 533, 3000000175
id: 389392378005, values: 3000000933, 6000000119, 5000000059
id: 389392378003, values: 980, 1000000940, 2000000410
id: 389392378004, values: 5000000422, 3000000956, 3000000846
id: 389392378001, values: 559, 1000000540, 2000000210
id: 389392378002, values: 1000000210, 930, 1000000397
id: 389392378001, values: 5000000831, 1000000058, 559
id: 389392378005, values: 5000000669, 1000000022, 5000000701
id: 389392378003, values: 2000000386, 3000000700, 2000000565
id: 389392378004, values: 4000000387, 3000000593, 3000000822
id: 389392378001, values: 1000000809, 5000000521, 610
id: 389392378005, values: 2000000118, 3000000615, 5000000509
id: 389392378004, values: 2000000489, 4000000556, 1000000647
id: 389392378005, values: 3000000290, 5000000064, 6000000646
id: 389392378003, values: 6000000654, 2000000644, 5000000955
id: 389392378004, values: 6000000258, 2000000621, 1000000670
id: 389392378002, values: 4000000504, 6000000781, 4000000605
id: 389392378005, values: 4000000238, 5000000886, 1000000710
id: 389392378003, values: 3000000464, 3000000090, 4000000652
id: 389392378001, values: 2000000650, 3000000968, 2000000664
id: 389392378005, values: 2000000767, 4000000422, 5000000626
id: 389392378004, values: 559, 5000000311, 950
id: 389392378002, values: 6000000359, 436, 2000000826
id: 389392378001, values: 5000000788, 2000000067, 1000000993
id: 389392378003, values: 753, 5000000055, 1000000858
id: 389392378004, values: 5000000605, 622, 1000000189
id: 389392378003, values: 439, 5000000693, 1000000281
id: 389392378005, values: 3000000801, 935, 5000000363
id: 389392378005, values: 2000000158, 5000000354, 3000000457
id: 389392378002, values: 1000000023, 1000000469, 1000000942
id: 389392378004, values: 6000000686, 4000000430, 1000000130
id: 389392378001, values: 3000000394, 5000000430, 504
id: 389392378003, values: 803, 6000000575, 3000000399
id: 389392378004, values: 75, 6000000170, 2000000992
id: 389392378001, values: 2000000843, 5000000327, 5000000842
id: 389392378004, values: 6000000385, 5000000162, 6000000088
id: 389392378005, values: 103, 6000000372, 4000000561
id: 389392378002, values: 2000000528, 1000000408, 891
id: 389392378003, values: 2000000710, 6000000044, 1000000877
id: 389392378001, values: 6000000747, 4000000254, 6000000065
id: 389392378002, values: 6000000392, 5000000371, 4000000940
id: 389392378002, values: 2000000584, 3000000751, 394
id: 389392378004, values: 5000000282, 1000000449, 843
id: 389392379005, values: 2000000066, 3000000983, 2000000384
id: 389392379004, values: 3000000140, 4000000926, 6000000919
id: 389392379001, values: 3000000941, 6000000432, 3000000329
id: 389392379002, values: 3000000972, 2000000268, 6000000636
id: 389392379001, values: 6000000721, 1, 5000000829
id: 389392379004, values: 616, 6000000774, 473
id: 389392379003, values: 1000000349, 4000000967, 1000000753
id: 389392379003, values: 2000000517, 4000000458, 97
id: 389392379005, values: 2000000967, 5000000196, 3000000515
id: 389392379002, values: 170, 4000000580, 543
id: 389392379004, values: 2000000308, 2000000839, 3000000851
id: 389392379003, values: 2000000308, 3000000634, 4000000868
id: 389392379005, values: 6000000603, 911, 5000000009
id: 389392379001, values: 5000000658, 1000000544, 6000000920
id: 389392379002, values: 1000000641, 222, 2000000232
id: 389392379004, values: 2000000521, 5000000188, 6000000860
id: 389392379003, values: 4000000321, 574, 247
id: 389392379004, values: 3000000189, 3000000534, 2000000514
id: 389392379005, values: 5000000769, 2000000796, 3000000491
id: 389392379005, values: 638, 3000000045, 1000000852
id: 389392379002, values: 3000000745, 4000000813, 1000000964
id: 389392379003, values: 6000000083, 3000000388, 5000000322
id: 389392379002, values: 2000000274, 5000000516, 4000000308
id: 389392379001, values: 6000000716, 2000000973, 6000000878
id: 389392379003, values: 6000000144, 2000000397, 2000000165
id: 389392379003, values: 3000000640, 5000000024, 5000000654
id: 389392379004, values: 1000000030, 1000000804, 4000000867
id: 389392379005, values: 1000000003, 3000000116, 5000000692
id: 389392379002, values: 3000000785, 5000000606, 3000000678
id: 389392379001, values: 1000000295, 5000000085, 4000000560
id: 389392379004, values: 990, 629, 763
id: 389392379005, values: 5000000182, 2000000440, 5000000912
id: 389392379005, values: 1000000552, 2000000342, 6000000049
id: 389392379003, values: 5000000516, 3000000712, 1000000548
id: 389392379004, values: 4000000756, 3000000480, 5000000350
id: 389392379005, values: 3000000617, 2000000576, 5000000142
id: 389392379001, values: 2000000996, 3000000226, 4000000549
id: 389392379004, values: 6000000306, 3000000786, 1000000482
id: 389392379002, values: 6000000136, 229, 4000000355
id: 389392379002, values: 1000000056, 6000000909, 2000000183
id: 389392379003, values: 6000000016, 3000000668, 4000000061
id: 389392379001, values: 6000000579, 4000000686, 6000000856
id: 389392379002, values: 701, 837, 1000000993
id: 389392379003, values: 738, 5000000003, 720
id: 389392379005, values: 6000000600, 5000000427, 5000000442
id: 389392379001, values: 3000000346, 932, 6000000354
id: 389392379004, values: 3000000246, 876, 4000000816
id: 389392379004, values: 1000000703, 4000000979, 5000000701
id: 389392379005, values: 3000000131, 5000000704, 1000000100
id: 389392379001, values: 5000000772, 2000000500, 706
id: 389392379004, values: 4000000549, 911, 95
id: 389392379002, values: 3000000124, 3000000806, 4000000993
id: 389392379003, values: 6000000812, 6000000674, 4000000180
id: 389392379001, values: 6000000743, 3000000236, 6000000108
id: 389392379002, values: 6000000052, 3000000575, 66
id: 389392379004, values: 1000000985, 3000000068, 6000000731
id: 389392379002, values: 376, 390, 722
id: 389392379003, values: 777, 6000000108, 3000000728
id: 389392379004, values: 272, 6000000800, 4000000066
id: 389392379003, values: 3000000075, 3000000500, 3000000146
id: 389392380004, values: 210, 3000000470, 2000000602
id: 389392380002, values: 2000000702, 5000000273, 5000000740
id: 389392380002, values: 1000000320, 468, 62
id: 389392380005, values: 3000000516, 4000000553, 313
id: 389392380003, values: 3000000251, 2000000642, 5000000961
id: 389392380001, values: 5000000909, 4000000422, 5000000456
id: 389392380005, values: 5000000038, 5000000209, 4000000031
id: 389392380003, values: 4000000716, 757, 6000000990
id: 389392380004, values: 630, 3000000397, 4000000613
id: 389392380002, values: 55, 5000000115, 3000000485
id: 389392380004, values: 1000000781, 4000000125, 2000000379
id: 389392380003, values: 5000000530, 2000000468, 6000000056
id: 389392380005, values: 1000000291, 4000000646, 4000000371
id: 389392380001, values: 6000000096, 3000000601, 6000000950
id: 389392380003, values: 4000000152, 3000000643, 1000000426
id: 389392380002, values: 5000000441, 1000000789, 227
id: 389392380004, values: 1000000931, 895, 3000000133
id: 389392380001, values: 4000000777, 106, 879
id: 389392380004, values: 6000000805, 1000000938, 1000000849
id: 389392380002, values: 3000000662, 3000000221, 3000000864
id: 389392380005, values: 4000000867, 546, 1000000268
id: 389392380001, values: 6000000872, 5000000688, 3000000665
id: 389392380005, values: 3000000975, 1000000136, 546
id: 389392380001, values: 918, 1000000308, 1000000131
id: 389392380004, values: 2000000013, 5000000355, 5000000913
id: 389392380003, values: 5000000829, 4000000499, 1000000364
id: 389392380003, values: 1000000232, 1000000314, 6000000365
id: 389392380002, values: 2000000287, 6000000741, 441
id: 389392380004, values: 6000000904, 3000000438, 2000000667
id: 389392380005, values: 4000000868, 1000000480, 5000000480
id: 389392380002, values: 723, 3000000889, 5000000091
id: 389392380001, values: 4000000921, 6000000309, 3000000568
id: 389392380004, values: 5000000656, 5000000494, 71
id: 389392380003, values: 2000000227, 4000000910, 3000000037
id: 389392380002, values: 4000000869, 389, 743
id: 389392380001, values: 3000000358, 718, 181
id: 389392380003, values: 5000000643, 4000000722, 1000000186
id: 389392380005, values: 5000000987, 936, 2000000000
id: 389392380004, values: 6000000809, 3000000421, 4000000630
id: 389392380003, values: 396, 177, 1000000002
id: 389392380002, values: 5000000526, 2000000348, 5000000969
id: 389392380003, values: 2000000981, 2000000433, 1000000478
id: 389392380004, values: 2000000792, 1000000680, 2000000245
id: 389392380001, values: 257, 2000000784, 6000000850
id: 389392380002, values: 1000000907, 6000000170, 4000000408
id: 389392380003, values: 5000000907, 4000000487, 6000000455
id: 389392380004, values: 422, 1000000701, 1000000759
id: 389392380005, values: 6000000014, 5000000651, 895
id: 389392380001, values: 3000000630, 499, 85
id: 389392380004, values: 1000000295, 4000000805, 593
id: 389392380003, values: 2000000493, 3000000977, 4000000094
id: 389392380002, values: 6000000462, 4000000530, 3000000545
id: 389392380003, values: 4000000577, 2000000337, 4000000950
id: 389392380005, values: 6000000439, 4000000482, 2000000175
id: 389392380004, values: 852, 3000000302, 1000000448
id: 389392381005, values: 5000000240, 1000000028, 2000000785
id: 389392381004, values: 1000000886, 1000000042, 6000000807
id: 389392381004, values: 4000000373, 6000000698, 6000000617
id: 389392381003, values: 5000000691, 5000000058, 2000000769
id: 389392381001, values: 4000000467, 1000000104, 1000000282
id: 389392381005, values: 3000000090, 6000000479, 567
id: 389392381004, values: 934, 520, 6000000410
id: 389392381005, values: 3000000895, 6000000718, 2000000855
id: 389392381003, values: 4000000537, 3000000294, 674
id: 389392381004, values: 5000000675, 719, 4000000525
id: 389392381002, values: 815, 4000000212, 1000000604
id: 389392381005, values: 5000000083, 6000000446, 6000000446
id: 389392381004, values: 3000000537, 4000000926, 2000000246
id: 389392381003, values: 1000000996, 3000000868, 2000000862
id: 389392381002, values: 3000000506, 1000000722, 3000000590
id: 389392381005, values: 5000000644, 6000000290, 4000000755
id: 389392381001, values: 259, 852, 6000000877
id: 389392381004, values: 2000000560, 4000000993, 2000000644
id: 389392381005, values: 2000000137, 6000000717, 5000000215
id: 389392381001, values: 6000000506, 6000000048, 1000000371
id: 389392381003, values: 2000000808, 2000000475, 314
id: 389392381004, values: 6000000166, 5000000995, 5000000655
id: 389392381002, values: 3000000365, 3000000389, 145
id: 389392381003, values: 1000000361, 5000000723, 6000000345
id: 389392381001, values: 4000000999, 4000000692, 6000000541
id: 389392381005, values: 6000000464, 2000000772, 6000000406
id: 389392381004, values: 4000000233, 2000000054, 1000000874
id: 389392381001, values: 104, 267, 102
id: 389392381002, values: 3000000301, 1000000789, 3000000575
id: 389392381005, values: 2, 821, 3000000753
id: 389392381001, values: 5000000599, 3000000802, 4000000692
id: 389392381002, values: 4000000949, 5000000601, 5000000952
id: 389392381004, values: 1000000303, 6000000967, 5000000699
id: 389392381003, values: 766, 5000000412, 4000000894
id: 389392381001, values: 1000000401, 4000000861, 2000000257
id: 389392381004, values: 1000000070, 2000000831, 2000000465
id: 389392381003, values: 2000000948, 1000000439, 3000000496
id: 389392381002, values: 1000000859, 6000000542, 383
id: 389392381003, values: 6000000881, 4000000581, 6000000582
id: 389392381005, values: 4000000368, 4000000636, 664
id: 389392381003, values: 6000000091, 3000000190, 3000000708
id: 389392381005, values: 5000000773, 3000000244, 1000000201
id: 389392381002, values: 297, 413, 1000000959
id: 389392381001, values: 2000000275, 2000000834, 1000000118
id: 389392381003, values: 1000000162, 6000000170, 950
id: 389392381005, values: 492, 6000000982, 6000000549
id: 389392381004, values: 5000000041, 756, 3000000508
id: 389392381002, values: 3000000397, 725, 4000000582
id: 389392381003, values: 5000000987, 5000000319, 4000000642
id: 389392381001, values: 4000000560, 6000000611, 1000000510
id: 389392381005, values: 5000000377, 5000000228, 2000000610
id: 389392381005, values: 595, 756, 5000000506
id: 389392381004, values: 2000000103, 5000000958, 4000000764
id: 389392381005, values: 4000000145, 2000000687, 5000000302
id: 389392382003, values: 5000000092, 4000000455, 6000000648
id: 389392382002, values: 5000000128, 4000000717, 2000000412
id: 389392382003, values: 2000000554, 2000000074, 5000000228
id: 389392382001, values: 2000000315, 2000000472, 2000000841
id: 389392382005, values: 5000000821, 1000000789, 5000000832
id: 389392382001, values: 4000000653, 4000000571, 3000000855
id: 389392382002, values: 5000000329, 4000000849, 6000000926
id: 389392382002, values: 1000000894, 4000000021, 3000000709
id: 389392382003, values: 774, 5000000198, 4000000320
id: 389392382004, values: 6000000003, 639, 4000000732
id: 389392382005, values: 5000000119, 4000000495, 2000000347
id: 389392382002, values: 3000000755, 6000000762, 5000000769
id: 389392382003, values: 5000000043, 6000000526, 362
id: 389392382003, values: 6000000795, 412, 1000000377
id: 389392382004, values: 969, 6000000808, 2000000560
id: 389392382001, values: 4000000760, 4000000036, 1000000452
id: 389392382005, values: 3000000794, 5000000837, 4000000646
id: 389392382004, values: 3000000663, 1000000921, 3000000461
id: 389392382003, values: 2000000390, 1000000608, 1000000527
id: 389392382005, values: 6000000145, 1000000488, 6000000733
id: 389392382004, values: 2000000883, 6000000612, 3000000782
id: 389392382001, values: 816, 4000000207, 6000000314
id: 389392382002, values: 4000000933, 2000000388, 5000000508
id: 389392382001, values: 6000000632, 548, 5000000909
id: 389392382005, values: 5000000101, 3000000814, 4000000520
id: 389392382004, values: 4000000125, 6000000772, 3000000838
id: 389392382002, values: 6000000931, 1000000727, 2000000172
id: 389392382003, values: 1000000450, 32, 589
id: 389392382001, values: 2000000236, 6000000694, 593
id: 389392382003, values: 1000000791, 4000000612, 6000000016
id: 389392382002, values: 5000000111, 3000000708, 5000000878
id: 389392382004, values: 4000000865, 1000000714, 1000000010
id: 389392382005, values: 4000000583, 2000000389, 5000000249
id: 389392382004, values: 6000000248, 4000000998, 4000000145
id: 389392382005, values: 6000000828, 4000000304, 5000000943
id: 389392382001, values: 1000000114, 2000000165, 4000000948
id: 389392382003, values: 2000000368, 3000000176, 2000000640
id: 389392382002, values: 4000000905, 3000000369, 1000000315
id: 389392382004, values: 6000000137, 984, 4000000421
id: 389392382002, values: 5000000172, 5000000932, 5000000674
id: 389392382001, values: 1000000998, 2000000860, 2000000690
id: 389392382001, values: 45, 6000000587, 3000000825
id: 389392382005, values: 348, 6000000859, 6000000348
id: 389392382004, values: 6000000912, 3000000639, 3000000511
id: 389392382003, values: 1000000104, 5000000152, 5000000068
id: 389392382002, values: 6000000174, 6000000181, 1000000547
id: 389392382004, values: 3000000275, 883, 2000000180
id: 389392382001, values: 4000000117, 6000000037, 2000000411
id: 389392382005, values: 3000000089, 429, 6000000673
id: 389392382004, values: 4000000467, 6000000511, 4000000221
id: 389392382001, values: 5000000976, 3000000042, 6000000317
id: 389392382004, values: 1000000887, 2000000223, 4000000879
id: 389392382003, values: 4000000517, 949, 5000000435
id: 389392382005, values: 5000000120, 5000000325, 2000000438
id: 389392382001, values: 543, 1000000926, 794
id: 389392382002, values: 5000000022, 3000000334, 6000000472
id: 389392382004, values: 2000000754, 5000000981, 4000000688
id: 389392383005, values: 4000000021, 4000000513, 4000000740
id: 389392383004, values: 5000000540, 4000000468, 6000000367
id: 389392383003, values: 5000000707, 473, 497
id: 389392383001, values: 5000000017, 4000000043, 5000000334
id: 389392383004, values: 3000000487, 4000000277, 6000000595
id: 389392383003, values: 6000000512, 2000000674, 6000000853
id: 389392383002, values: 5000000599, 3000000037, 6000000564
id: 389392383005, values: 2000000271, 940, 1000000620
id: 389392383001, values: 3000000212, 2000000133, 2000000282
id: 389392383005, values: 1000000348, 3000000602, 6000000791
id: 389392383003, values: 4000000193, 352, 790
id: 389392383002, values: 3000000317, 6000000943, 403
id: 389392383002, values: 336, 6000000419, 2000000622
id: 389392383005, values: 5000000965, 124, 6000000895
id: 389392383002, values: 1000000831, 79, 2000000159
id: 389392383003, values: 4000000724, 5000000707, 5000000967
id: 389392383003, values: 656, 2000000366, 294
id: 389392383005, values: 763, 1000000741, 3000000157
id: 389392383004, values: 3000000903, 2000000401, 6000000872
id: 389392383003, values: 244, 3000000451, 911
id: 389392383001, values: 3000000784, 4000000850, 1000000305
id: 389392383001, values: 675, 735, 5000000423
id: 389392383003, values: 1000000573, 63, 5000000464
id: 389392383004, values: 5000000166, 338, 6000000606
