id: 389392115004, values: 406, 450, 833
id: 389392115001, values: 294, 560, 919
id: 389392115004, values: 36, 389, 632
id: 389392115005, values: 243, 9, 764
id: 389392115005, values: 484, 209, 228
id: 389392115003, values: 436, 329, 107
id: 389392115001, values: 154, 996, 312
id: 389392115002, values: 942, 92, 317
id: 389392115004, values: 457, 584, 370
id: 389392115003, values: 779, 834, 692
id: 389392115001, values: 597, 893, 58
id: 389392115002, values: 973, 998, 773
id: 389392115004, values: 565, 20, 39
id: 389392115003, values: 743, 574, 535
id: 389392115005, values: 956, 848, 575
id: 389392116003, values: 682, 661, 833
id: 389392116004, values: 477, 455, 572
id: 389392116002, values: 226, 220, 781
id: 389392116005, values: 216, 669, 358
id: 389392116001, values: 910, 571, 619
id: 389392116003, values: 598, 133, 637
id: 389392116004, values: 933, 599, 125
id: 389392116005, values: 260, 217, 573
id: 389392116001, values: 668, 323, 293
id: 389392116005, values: 48, 506, 959
id: 389392116003, values: 145, 738, 36
id: 389392116001, values: 864, 790, 789
id: 389392116002, values: 48, 162, 575
id: 389392116001, values: 65, 519, 686
id: 389392116004, values: 778, 595, 937
id: 389392116002, values: 537, 106, 519
id: 389392116001, values: 2, 24, 924
id: 389392116005, values: 395, 466, 878
id: 389392116003, values: 355, 587, 580
id: 389392116004, values: 818, 414, 329
id: 389392116004, values: 174, 799, 33
id: 389392116003, values: 264, 522, 793
id: 389392116001, values: 252, 803, 586
id: 389392116002, values: 312, 124, 39
id: 389392116005, values: 707, 453, 245
id: 389392116005, values: 242, 914, 300
id: 389392116004, values: 615, 952, 149
id: 389392116002, values: 34, 849, 953
id: 389392116003, values: 4, 117, 288
id: 389392116004, values: 615, 386, 324
id: 389392116005, values: 688, 680, 327
id: 389392116001, values: 541, 693, 250
id: 389392116004, values: 948, 268, 591
id: 389392116001, values: 544, 619, 744
id: 389392116003, values: 480, 174, 151
id: 389392116004, values: 485, 261, 165
id: 389392116001, values: 631, 622, 186
id: 389392116002, values: 714, 543, 804
id: 389392116004, values: 228, 328, 543
id: 389392116005, values: 544, 829, 375
id: 389392116003, values: 108, 611, 359
id: 389392116002, values: 916, 478, 628
id: 389392116001, values: 963, 206, 232
id: 389392116003, values: 554, 518, 33
id: 389392116004, values: 171, 140, 523
id: 389392116001, values: 564, 62, 912
id: 389392116002, values: 752, 630, 940
id: 389392116005, values: 389, 12, 959
id: 389392116001, values: 914, 924, 162
id: 389392116004, values: 478, 48, 765
id: 389392116003, values: 452, 268, 422
id: 389392116004, values: 851, 626, 760
id: 389392116005, values: 995, 595, 36
id: 389392116001, values: 618, 774, 15
id: 389392116005, values: 450, 88, 837
id: 389392116003, values: 340, 208, 46
id: 389392116005, values: 813, 174, 823
id: 389392116004, values: 706, 427, 283
id: 389392117003, values: 745, 790, 755
id: 389392117001, values: 251, 876, 155
id: 389392117004, values: 942, 863, 53
id: 389392117004, values: 194, 704, 163
id: 389392117002, values: 676, 134, 308
id: 389392117001, values: 836, 256, 541
id: 389392117003, values: 750, 127, 832
id: 389392117002, values: 976, 753, 310
id: 389392117005, values: 502, 195, 865
id: 389392117001, values: 43, 242, 490
id: 389392117002, values: 965, 810, 616
id: 389392117005, values: 497, 238, 249
id: 389392117001, values: 477, 490, 416
id: 389392117003, values: 728, 487, 405
id: 389392117002, values: 133, 547, 873
id: 389392117005, values: 313, 952, 72
id: 389392117003, values: 899, 36, 168
id: 389392117004, values: 338, 346, 57
id: 389392117001, values: 924, 98, 517
id: 389392117003, values: 931, 204, 393
id: 389392117002, values: 373, 937, 81
id: 389392117005, values: 357, 790, 259
id: 389392117004, values: 617, 609, 903
id: 389392117001, values: 48, 15, 189
id: 389392117001, values: 321, 435, 248
id: 389392117004, values: 756, 15, 703
id: 389392117003, values: 496, 230, 188
id: 389392117002, values: 617, 613, 824
id: 389392117001, values: 348, 894, 584
id: 389392117004, values: 434, 609, 770
id: 389392117002, values: 90, 460, 550
id: 389392117004, values: 183, 4, 720
id: 389392117001, values: 150, 570, 940
id: 389392117005, values: 86, 242, 643
id: 389392117002, values: 575, 353, 357
id: 389392117001, values: 821, 963, 800
id: 389392117003, values: 674, 540, 397
id: 389392117005, values: 645, 270, 634
id: 389392117003, values: 872, 902, 909
id: 389392117004, values: 935, 942, 430
id: 389392117001, values: 501, 178, 785
id: 389392117002, values: 574, 539, 387
id: 389392117005, values: 176, 853, 313
id: 389392117002, values: 897, 589, 206
id: 389392117004, values: 975, 150, 427
id: 389392117001, values: 6, 541, 853
id: 389392117003, values: 527, 510, 828
id: 389392117005, values: 727, 402, 250
id: 389392117005, values: 720, 513, 88
id: 389392117002, values: 123, 616, 842
id: 389392117005, values: 204, 816, 231
id: 389392117001, values: 655, 509, 521
id: 389392117004, values: 491, 361, 972
id: 389392117005, values: 874, 43, 918
id: 389392117003, values: 391, 133, 758
id: 389392117001, values: 609, 648, 563
id: 389392118005, values: 91, 13, 200
id: 389392118001, values: 196, 710, 555
id: 389392118002, values: 375, 235, 486
id: 389392118004, values: 92, 950, 224
id: 389392118005, values: 773, 366, 232
id: 389392118001, values: 12, 726, 628
id: 389392118004, values: 280, 363, 328
id: 389392118002, values: 410, 27, 659
id: 389392118004, values: 365, 320, 331
id: 389392118001, values: 619, 638, 856
id: 389392118003, values: 672, 534, 599
id: 389392118002, values: 765, 123, 23
id: 389392118001, values: 79, 449, 808
id: 389392118005, values: 841, 16, 212
id: 389392118004, values: 809, 540, 154
id: 389392118002, values: 50, 336, 475
id: 389392118001, values: 778, 434, 557
id: 389392118003, values: 357, 89, 872
id: 389392118003, values: 378, 309, 294
id: 389392118005, values: 909, 190, 525
id: 389392118001, values: 242, 512, 13
id: 389392118005, values: 9, 711, 634
id: 389392118004, values: 769, 826, 24
id: 389392118005, values: 475, 660, 931
id: 389392118001, values: 660, 101, 113
id: 389392118002, values: 876, 421, 429
id: 389392118005, values: 871, 469, 728
id: 389392118003, values: 543, 108, 671
id: 389392118004, values: 164, 544, 733
id: 389392118001, values: 259, 926, 102
id: 389392118002, values: 208, 964, 748
id: 389392118001, values: 300, 658, 120
id: 389392118003, values: 539, 778, 260
id: 389392118005, values: 712, 423, 122
id: 389392118002, values: 95, 941, 96
id: 389392118005, values: 529, 990, 6
id: 389392118001, values: 48, 330, 561
id: 389392118004, values: 643, 580, 433
id: 389392118003, values: 784, 440, 122
id: 389392118004, values: 61, 296, 11
id: 389392118004, values: 820, 311, 821
id: 389392118001, values: 78, 679, 502
id: 389392118002, values: 762, 608, 929
id: 389392118004, values: 650, 14, 190
id: 389392118005, values: 569, 33, 561
id: 389392118001, values: 528, 882, 118
id: 389392118004, values: 719, 370, 814
id: 389392118003, values: 668, 230, 425
id: 389392118005, values: 537, 911, 599
id: 389392118002, values: 946, 806, 737
id: 389392118005, values: 866, 135, 816
id: 389392118004, values: 559, 493, 901
id: 389392118001, values: 394, 35, 823
id: 389392118005, values: 878, 307, 796
id: 389392118004, values: 474, 891, 55
id: 389392118002, values: 63, 57, 0
id: 389392119001, values: 298, 893, 673
id: 389392119002, values: 386, 312, 448
id: 389392119005, values: 271, 632, 700
id: 389392119003, values: 861, 677, 938
id: 389392119004, values: 303, 463, 88
id: 389392119005, values: 280, 206, 700
id: 389392119004, values: 826, 43, 460
id: 389392119003, values: 84, 128, 86
id: 389392119001, values: 828, 50, 326
id: 389392119002, values: 867, 345, 693
id: 389392119004, values: 559, 531, 692
id: 389392119005, values: 411, 959, 48
id: 389392119002, values: 714, 213, 46
id: 389392119003, values: 805, 216, 962
id: 389392119005, values: 602, 684, 998
id: 389392119004, values: 287, 311, 913
id: 389392119001, values: 53, 216, 54
id: 389392119003, values: 979, 742, 852
id: 389392119005, values: 79, 622, 660
id: 389392119002, values: 702, 835, 149
id: 389392119001, values: 493, 563, 767
id: 389392119002, values: 352, 801, 848
id: 389392119005, values: 458, 621, 201
id: 389392119004, values: 284, 289, 774
id: 389392119001, values: 722, 352, 242
id: 389392119003, values: 576, 578, 71
id: 389392119005, values: 215, 769, 285
id: 389392119002, values: 691, 961, 225
id: 389392119003, values: 961, 936, 408
id: 389392119001, values: 914, 138, 28
id: 389392119005, values: 567, 708, 661
id: 389392119003, values: 16, 996, 956
id: 389392119001, values: 620, 437, 515
id: 389392119004, values: 292, 484, 258
id: 389392119002, values: 669, 316, 751
id: 389392119005, values: 979, 82, 324
id: 389392119004, values: 961, 775, 786
id: 389392119003, values: 183, 12, 352
id: 389392119002, values: 888, 216, 516
id: 389392119004, values: 550, 405, 558
id: 389392119002, values: 464, 314, 7
id: 389392119003, values: 799, 574, 687
id: 389392119001, values: 873, 546, 799
id: 389392119001, values: 859, 480, 606
id: 389392119004, values: 171, 783, 621
id: 389392119005, values: 793, 452, 20
id: 389392119002, values: 638, 569, 627
id: 389392119003, values: 153, 742, 175
id: 389392119001, values: 131, 661, 37
id: 389392119005, values: 387, 179, 516
id: 389392119004, values: 647, 32, 115
id: 389392119001, values: 992, 742, 782
id: 389392120002, values: 838, 742, 703
id: 389392120003, values: 583, 657, 239
id: 389392120002, values: 36, 933, 872
id: 389392120001, values: 949, 316, 649
id: 389392120005, values: 877, 601, 858
id: 389392120003, values: 214, 416, 872
id: 389392120001, values: 31, 863, 898
id: 389392120004, values: 800, 706, 150
id: 389392120005, values: 591, 799, 73
id: 389392120003, values: 334, 599, 595
id: 389392120002, values: 91, 81, 61
id: 389392120005, values: 353, 690, 104
id: 389392120004, values: 994, 896, 540
id: 389392120001, values: 252, 914, 352
id: 389392120002, values: 468, 912, 887
id: 389392120003, values: 325, 540, 492
id: 389392120005, values: 57, 286, 308
id: 389392120004, values: 1000, 924, 952
id: 389392120001, values: 859, 612, 557
id: 389392120002, values: 235, 864, 793
id: 389392120005, values: 53, 788, 85
id: 389392120002, values: 659, 738, 372
id: 389392120004, values: 631, 789, 557
id: 389392120003, values: 943, 126, 298
id: 389392120002, values: 688, 429, 923
id: 389392120001, values: 575, 821, 322
id: 389392120004, values: 489, 285, 221
id: 389392120002, values: 978, 977, 97
id: 389392120003, values: 519, 614, 352
id: 389392120004, values: 592, 227, 935
id: 389392120001, values: 605, 772, 541
id: 389392120003, values: 869, 10, 152
id: 389392120002, values: 168, 298, 845
id: 389392120005, values: 872, 772, 695
id: 389392120003, values: 49, 878, 54
id: 389392120005, values: 185, 702, 294
id: 389392120004, values: 565, 593, 249
id: 389392120002, values: 435, 730, 3
id: 389392120001, values: 913, 823, 835
id: 389392120004, values: 564, 54, 977
id: 389392120002, values: 288, 711, 399
id: 389392120003, values: 766, 656, 577
id: 389392120002, values: 720, 967, 347
id: 389392120005, values: 243, 172, 595
id: 389392120004, values: 224, 658, 291
id: 389392120003, values: 680, 805, 227
id: 389392120001, values: 953, 617, 138
id: 389392120003, values: 992, 919, 94
id: 389392120005, values: 491, 335, 701
id: 389392120004, values: 318, 358, 623
id: 389392120002, values: 572, 268, 783
id: 389392120004, values: 594, 752, 534
id: 389392120003, values: 787, 77, 88
id: 389392120005, values: 813, 48, 103
id: 389392120001, values: 938, 730, 475
id: 389392120002, values: 561, 997, 179
id: 389392121005, values: 677, 504, 512
id: 389392121003, values: 695, 589, 988
id: 389392121005, values: 956, 942, 15
id: 389392121001, values: 818, 449, 689
id: 389392121004, values: 573, 616, 774
id: 389392121002, values: 852, 567, 513
id: 389392121001, values: 766, 427, 71
id: 389392121004, values: 684, 259, 43
id: 389392121003, values: 712, 364, 192
id: 389392121001, values: 734, 398, 627
id: 389392121004, values: 786, 108, 878
id: 389392121005, values: 708, 590, 423
id: 389392121002, values: 92, 915, 908
id: 389392121003, values: 873, 40, 590
id: 389392121004, values: 516, 766, 467
id: 389392121005, values: 465, 991, 308
id: 389392121001, values: 959, 881, 139
id: 389392121003, values: 68, 664, 541
id: 389392121003, values: 53, 329, 924
id: 389392121001, values: 690, 726, 369
id: 389392121003, values: 746, 302, 6
id: 389392121004, values: 213, 616, 367
id: 389392121005, values: 967, 635, 219
id: 389392121004, values: 264, 387, 840
id: 389392121002, values: 678, 183, 172
id: 389392121003, values: 90, 383, 832
id: 389392121001, values: 178, 377, 981
id: 389392121002, values: 681, 452, 559
id: 389392121004, values: 950, 127, 72
id: 389392121005, values: 863, 226, 139
id: 389392121003, values: 905, 831, 672
id: 389392121003, values: 677, 457, 530
id: 389392121002, values: 692, 319, 793
id: 389392121003, values: 440, 452, 745
id: 389392121005, values: 229, 204, 13
id: 389392121001, values: 334, 950, 336
id: 389392121004, values: 80, 596, 431
id: 389392121002, values: 229, 861, 836
id: 389392121001, values: 359, 378, 74
id: 389392121005, values: 70, 343, 200
id: 389392121001, values: 516, 21, 674
id: 389392121004, values: 621, 153, 548
id: 389392121002, values: 927, 834, 313
id: 389392121005, values: 921, 418, 802
id: 389392121001, values: 825, 608, 1000
id: 389392121001, values: 147, 687, 98
id: 389392121004, values: 913, 710, 124
id: 389392121003, values: 117, 6, 531
id: 389392121002, values: 911, 140, 766
id: 389392121005, values: 753, 108, 960
id: 389392121001, values: 279, 345, 467
id: 389392121004, values: 709, 57, 991
id: 389392121003, values: 483, 759, 720
id: 389392121003, values: 774, 124, 836
id: 389392121005, values: 30, 362, 813
id: 389392121001, values: 645, 166, 23
id: 389392121001, values: 680, 820, 162
id: 389392121003, values: 61, 690, 394
id: 389392121004, values: 346, 412, 881
id: 389392121005, values: 236, 825, 129
id: 389392122001, values: 848, 751, 913
id: 389392122004, values: 391, 180, 187
id: 389392122003, values: 39, 562, 915
id: 389392122005, values: 654, 853, 627
id: 389392122002, values: 733, 323, 24
id: 389392122005, values: 552, 26, 682
id: 389392122003, values: 237, 942, 861
id: 389392122001, values: 987, 715, 33
id: 389392122001, values: 354, 274, 801
id: 389392122004, values: 634, 784, 526
id: 389392122005, values: 709, 130, 519
id: 389392122004, values: 710, 911, 928
id: 389392122003, values: 843, 740, 104
id: 389392122002, values: 70, 731, 299
id: 389392122001, values: 993, 567, 83
id: 389392122005, values: 517, 722, 230
id: 389392122003, values: 587, 195, 574
id: 389392122001, values: 83, 456, 326
id: 389392122003, values: 187, 904, 661
id: 389392122004, values: 336, 436, 805
id: 389392122005, values: 205, 921, 75
id: 389392122003, values: 913, 360, 494
id: 389392122001, values: 234, 229, 140
id: 389392122004, values: 772, 881, 463
id: 389392122002, values: 822, 97, 99
id: 389392122005, values: 796, 102, 926
id: 389392122004, values: 549, 568, 665
id: 389392122002, values: 212, 651, 122
id: 389392122001, values: 830, 424, 645
id: 389392122002, values: 483, 880, 996
id: 389392122005, values: 912, 102, 785
id: 389392122004, values: 681, 585, 432
id: 389392122002, values: 578, 274, 437
id: 389392122003, values: 747, 167, 526
id: 389392122001, values: 288, 791, 491
id: 389392122005, values: 654, 370, 179
id: 389392122003, values: 834, 534, 751
id: 389392122004, values: 625, 816, 134
id: 389392122001, values: 288, 252, 772
id: 389392122002, values: 191, 470, 258
id: 389392122002, values: 238, 211, 22
id: 389392122002, values: 611, 951, 919
id: 389392122003, values: 452, 53, 53
id: 389392122004, values: 789, 676, 612
id: 389392122005, values: 119, 73, 217
id: 389392122001, values: 508, 774, 418
id: 389392122003, values: 694, 358, 236
id: 389392122001, values: 527, 299, 850
id: 389392122004, values: 97, 645, 817
id: 389392122002, values: 511, 889, 969
id: 389392122001, values: 745, 879, 979
id: 389392122005, values: 481, 570, 477
id: 389392122003, values: 431, 696, 365
id: 389392122001, values: 24, 1, 737
id: 389392122002, values: 44, 838, 487
id: 389392122002, values: 484, 89, 272
id: 389392123001, values: 18, 825, 295
id: 389392123004, values: 423, 968, 119
id: 389392123005, values: 430, 670, 570
id: 389392123003, values: 645, 141, 367
id: 389392123001, values: 325, 24, 522
id: 389392123005, values: 247, 498, 167
id: 389392123002, values: 661, 721, 691
id: 389392123004, values: 427, 788, 819
id: 389392123001, values: 238, 275, 744
id: 389392123003, values: 137, 607, 764
id: 389392123005, values: 731, 215, 549
id: 389392123001, values: 731, 549, 780
id: 389392123005, values: 588, 99, 132
id: 389392123002, values: 168, 445, 792
id: 389392123002, values: 746, 123, 126
id: 389392123003, values: 56, 468, 857
id: 389392123002, values: 877, 724, 371
id: 389392123003, values: 475, 416, 420
id: 389392123001, values: 168, 260, 659
id: 389392123004, values: 90, 573, 262
id: 389392123002, values: 477, 418, 670
id: 389392123005, values: 791, 31, 565
id: 389392123004, values: 54, 261, 945
id: 389392123003, values: 101, 48, 999
id: 389392123004, values: 843, 434, 311
id: 389392123001, values: 98, 805, 587
id: 389392123005, values: 598, 916, 432
id: 389392123004, values: 795, 618, 417
id: 389392123003, values: 986, 488, 452
id: 389392123001, values: 779, 784, 93
id: 389392123003, values: 382, 179, 60
id: 389392123005, values: 939, 726, 904
id: 389392123002, values: 114, 692, 438
id: 389392123003, values: 979, 159, 87
id: 389392123005, values: 780, 711, 644
id: 389392123005, values: 197, 416, 848
id: 389392123003, values: 326, 287, 941
id: 389392123005, values: 13, 2, 830
id: 389392123004, values: 605, 690, 67
id: 389392123003, values: 397, 204, 380
id: 389392123004, values: 429, 898, 574
id: 389392123001, values: 805, 762, 769
id: 389392123005, values: 605, 732, 556
id: 389392123002, values: 709, 902, 102
id: 389392123001, values: 671, 694, 260
id: 389392123004, values: 903, 771, 967
id: 389392123001, values: 947, 302, 910
id: 389392123005, values: 807, 810, 458
id: 389392123005, values: 461, 857, 147
id: 389392123004, values: 623, 881, 586
id: 389392123002, values: 479, 976, 994
id: 389392123005, values: 771, 439, 294
id: 389392123003, values: 796, 294, 624
id: 389392123002, values: 370, 724, 285
id: 389392123005, values: 9, 871, 85
id: 389392124004, values: 283, 175, 194
id: 389392124005, values: 183, 990, 890
id: 389392124003, values: 482, 620, 283
id: 389392124004, values: 562, 621, 512
id: 389392124002, values: 715, 640, 988
id: 389392124005, values: 934, 499, 293
id: 389392124001, values: 437, 397, 36
id: 389392124004, values: 497, 687, 705
id: 389392124002, values: 458, 296, 337
id: 389392124004, values: 330, 785, 567
id: 389392124003, values: 348, 188, 538
id: 389392124003, values: 536, 344, 633
id: 389392124005, values: 225, 897, 143
id: 389392124005, values: 265, 570, 342
id: 389392124001, values: 959, 172, 186
id: 389392124005, values: 834, 830, 448
id: 389392124002, values: 720, 784, 826
id: 389392124005, values: 322, 36, 865
id: 389392124003, values: 607, 90, 799
id: 389392124004, values: 353, 640, 920
id: 389392124001, values: 990, 612, 367
id: 389392124005, values: 660, 66, 521
id: 389392124001, values: 876, 609, 612
id: 389392124004, values: 253, 942, 430
id: 389392124003, values: 461, 778, 95
id: 389392124002, values: 720, 104, 467
id: 389392124005, values: 2, 404, 590
id: 389392124001, values: 63, 540, 821
id: 389392124002, values: 103, 438, 251
id: 389392124004, values: 460, 306, 373
id: 389392124003, values: 308, 908, 427
id: 389392124002, values: 217, 769, 835
id: 389392124004, values: 562, 216, 120
id: 389392124001, values: 62, 753, 964
id: 389392124003, values: 578, 199, 208
id: 389392124001, values: 687, 863, 801
id: 389392124005, values: 223, 677, 600
id: 389392124004, values: 943, 725, 848
id: 389392124004, values: 352, 265, 195
id: 389392124005, values: 203, 72, 493
id: 389392124002, values: 713, 675, 656
id: 389392124003, values: 638, 226, 5
id: 389392124005, values: 429, 471, 726
id: 389392124002, values: 467, 554, 582
id: 389392124003, values: 993, 757, 390
id: 389392124003, values: 562, 10, 350
id: 389392124001, values: 189, 491, 182
id: 389392124005, values: 910, 345, 410
id: 389392124003, values: 937, 6, 665
id: 389392124002, values: 881, 628, 913
id: 389392124005, values: 765, 727, 346
id: 389392124004, values: 381, 615, 922
id: 389392124001, values: 556, 486, 865
id: 389392124002, values: 714, 155, 418
id: 389392124003, values: 359, 66, 781
id: 389392124005, values: 320, 921, 714
id: 389392124003, values: 416, 837, 890
id: 389392125004, values: 477, 584, 255
id: 389392125005, values: 853, 473, 885
id: 389392125001, values: 230, 253, 159
id: 389392125003, values: 721, 349, 23
id: 389392125002, values: 129, 742, 200
id: 389392125005, values: 924, 621, 614
id: 389392125005, values: 286, 289, 224
id: 389392125001, values: 189, 207, 519
id: 389392125004, values: 355, 616, 236
id: 389392125005, values: 737, 85, 877
id: 389392125002, values: 860, 948, 380
id: 389392125003, values: 799, 65, 543
id: 389392125005, values: 686, 318, 562
id: 389392125001, values: 842, 263, 677
id: 389392125004, values: 177, 19, 630
id: 389392125005, values: 147, 872, 201
id: 389392125005, values: 324, 136, 789
id: 389392125004, values: 780, 654, 289
id: 389392125003, values: 230, 786, 598
id: 389392125003, values: 97, 131, 322
id: 389392125005, values: 65, 717, 46
id: 389392125001, values: 919, 928, 530
id: 389392125002, values: 230, 320, 480
id: 389392125004, values: 207, 833, 75
id: 389392125004, values: 654, 369, 417
id: 389392125002, values: 251, 888, 537
id: 389392125003, values: 580, 125, 797
id: 389392125001, values: 777, 15, 415
id: 389392125005, values: 124, 549, 71
id: 389392125003, values: 205, 584, 227
id: 389392125002, values: 336, 931, 877
id: 389392125004, values: 840, 618, 562
id: 389392125001, values: 841, 619, 163
id: 389392125001, values: 225, 641, 405
id: 389392125003, values: 580, 816, 667
id: 389392125004, values: 481, 157, 207
id: 389392125002, values: 985, 272, 740
id: 389392125003, values: 75, 32, 455
id: 389392125003, values: 235, 205, 166
id: 389392125004, values: 461, 958, 860
id: 389392125005, values: 195, 421, 674
id: 389392125002, values: 888, 541, 841
id: 389392125001, values: 32, 515, 257
id: 389392125005, values: 578, 973, 836
id: 389392125005, values: 159, 350, 421
id: 389392125004, values: 175, 765, 363
id: 389392125003, values: 267, 597, 503
id: 389392125002, values: 795, 83, 71
id: 389392125001, values: 950, 341, 222
id: 389392125001, values: 227, 102, 225
id: 389392125004, values: 687, 813, 748
id: 389392125004, values: 274, 953, 804
id: 389392125001, values: 501, 906, 698
id: 389392125005, values: 564, 169, 302
id: 389392125001, values: 27, 128, 674
id: 389392125002, values: 547, 466, 342
id: 389392125003, values: 27, 235, 306
id: 389392125004, values: 172, 472, 392
id: 389392126002, values: 791, 479, 549
id: 389392126004, values: 515, 621, 822
id: 389392126004, values: 34, 834, 764
id: 389392126001, values: 861, 368, 822
id: 389392126005, values: 459, 995, 856
id: 389392126004, values: 406, 914, 747
id: 389392126001, values: 513, 547, 198
id: 389392126003, values: 930, 668, 959
id: 389392126002, values: 290, 101, 622
id: 389392126001, values: 630, 963, 492
id: 389392126002, values: 69, 511, 26
id: 389392126004, values: 303, 544, 902
id: 389392126001, values: 924, 570, 30
id: 389392126005, values: 11, 461, 387
id: 389392126004, values: 235, 764, 914
id: 389392126002, values: 624, 198, 282
id: 389392126003, values: 352, 37, 506
id: 389392126004, values: 341, 285, 136
id: 389392126002, values: 352, 947, 36
id: 389392126005, values: 531, 941, 96
id: 389392126001, values: 431, 511, 674
id: 389392126003, values: 197, 965, 537
id: 389392126005, values: 354, 904, 884
id: 389392126003, values: 77, 26, 292
id: 389392126002, values: 171, 712, 33
id: 389392126003, values: 804, 474, 848
id: 389392126004, values: 407, 551, 159
id: 389392126001, values: 151, 513, 918
id: 389392126001, values: 555, 964, 134
id: 389392126005, values: 395, 899, 111
id: 389392126002, values: 811, 524, 140
id: 389392126003, values: 844, 54, 272
id: 389392126004, values: 151, 630, 915
id: 389392126001, values: 833, 656, 143
id: 389392126005, values: 728, 800, 232
id: 389392126002, values: 147, 865, 552
id: 389392126004, values: 242, 121, 917
id: 389392126003, values: 329, 51, 762
id: 389392126005, values: 353, 852, 288
id: 389392126001, values: 710, 549, 605
id: 389392126002, values: 947, 739, 550
id: 389392126003, values: 777, 113, 154
id: 389392126004, values: 726, 995, 162
id: 389392126002, values: 677, 134, 429
id: 389392126001, values: 619, 971, 178
id: 389392126003, values: 913, 528, 641
id: 389392126002, values: 11, 496, 965
id: 389392126004, values: 195, 10, 616
id: 389392126001, values: 355, 312, 906
id: 389392126004, values: 621, 342, 811
id: 389392126002, values: 753, 796, 184
id: 389392126001, values: 377, 427, 68
id: 389392126004, values: 923, 720, 617
id: 389392126005, values: 779, 215, 893
id: 389392126005, values: 647, 941, 50
id: 389392126004, values: 696, 840, 713
id: 389392126003, values: 223, 359, 972
id: 389392126002, values: 555, 838, 94
id: 389392127002, values: 59, 438, 548
id: 389392127003, values: 686, 470, 114
id: 389392127001, values: 781, 996, 412
id: 389392127004, values: 701, 576, 128
id: 389392127001, values: 176, 905, 139
id: 389392127002, values: 457, 95, 997
id: 389392127003, values: 466, 606, 173
id: 389392127004, values: 631, 309, 775
id: 389392127001, values: 803, 829, 943
id: 389392127002, values: 641, 884, 472
id: 389392127005, values: 884, 657, 901
id: 389392127003, values: 520, 322, 635
id: 389392127004, values: 102, 853, 465
id: 389392127003, values: 959, 959, 374
id: 389392127002, values: 166, 289, 508
id: 389392127001, values: 705, 933, 110
id: 389392127005, values: 378, 396, 804
id: 389392127002, values: 197, 325, 312
id: 389392127002, values: 760, 241, 375
id: 389392127004, values: 222, 629, 464
id: 389392127005, values: 958, 82, 416
id: 389392127003, values: 964, 470, 575
id: 389392127002, values: 189, 100, 536
id: 389392127003, values: 49, 639, 486
id: 389392127001, values: 936, 943, 222
id: 389392127004, values: 392, 664, 440
id: 389392127005, values: 204, 766, 976
id: 389392127001, values: 670, 537, 945
id: 389392127002, values: 257, 796, 965
id: 389392127001, values: 500, 771, 167
id: 389392127004, values: 19, 464, 351
id: 389392127003, values: 688, 274, 630
id: 389392127001, values: 476, 809, 171
id: 389392127003, values: 755, 750, 595
id: 389392127002, values: 763, 865, 909
id: 389392127004, values: 254, 752, 943
id: 389392127005, values: 861, 969, 74
id: 389392127003, values: 664, 495, 905
id: 389392127002, values: 550, 452, 232
id: 389392127001, values: 288, 110, 183
id: 389392127002, values: 421, 162, 243
id: 389392127003, values: 940, 496, 402
id: 389392127004, values: 696, 897, 746
id: 389392127005, values: 20, 401, 268
id: 389392127001, values: 461, 657, 243
id: 389392127005, values: 448, 615, 923
id: 389392127004, values: 237, 626, 753
id: 389392127004, values: 402, 848, 214
id: 389392127001, values: 286, 826, 727
id: 389392127004, values: 621, 669, 231
id: 389392127003, values: 664, 909, 551
id: 389392127001, values: 184, 392, 531
id: 389392127004, values: 49, 31, 655
id: 389392127002, values: 752, 816, 789
id: 389392127002, values: 541, 527, 772
id: 389392127005, values: 436, 689, 842
id: 389392128001, values: 484, 132, 854
id: 389392128005, values: 406, 336, 836
id: 389392128004, values: 763, 804, 720
id: 389392128001, values: 188, 134, 638
id: 389392128002, values: 997, 96, 267
id: 389392128005, values: 722, 818, 414
id: 389392128001, values: 350, 664, 165
id: 389392128003, values: 466, 800, 557
id: 389392128004, values: 249, 770, 759
id: 389392128005, values: 455, 283, 876
id: 389392128001, values: 692, 916, 141
id: 389392128001, values: 29, 775, 681
id: 389392128003, values: 25, 334, 445
id: 389392128002, values: 824, 213, 615
id: 389392128003, values: 467, 77, 778
id: 389392128001, values: 433, 542, 251
id: 389392128005, values: 359, 830, 86
id: 389392128004, values: 698, 688, 772
id: 389392128001, values: 83, 253, 382
id: 389392128001, values: 957, 787, 58
id: 389392128005, values: 706, 836, 908
id: 389392128004, values: 845, 650, 793
id: 389392128002, values: 810, 495, 454
id: 389392128003, values: 698, 860, 490
id: 389392128004, values: 216, 247, 780
id: 389392128002, values: 551, 245, 277
id: 389392128005, values: 287, 730, 434
id: 389392128004, values: 798, 847, 602
id: 389392128003, values: 415, 190, 187
id: 389392128005, values: 152, 392, 777
id: 389392128002, values: 574, 748, 126
id: 389392128004, values: 81, 366, 524
id: 389392128005, values: 818, 383, 930
id: 389392128001, values: 423, 104, 128
id: 389392128003, values: 131, 78, 878
id: 389392128005, values: 896, 319, 289
id: 389392128004, values: 829, 388, 645
id: 389392128002, values: 779, 170, 243
id: 389392128005, values: 992, 909, 748
id: 389392128001, values: 257, 689, 975
id: 389392128002, values: 48, 215, 900
id: 389392128003, values: 231, 281, 848
id: 389392128002, values: 409, 248, 531
id: 389392128001, values: 772, 692, 371
id: 389392128002, values: 350, 329, 568
id: 389392128004, values: 200, 605, 817
id: 389392128002, values: 874, 746, 338
id: 389392128005, values: 25, 473, 446
id: 389392128002, values: 162, 447, 337
id: 389392128003, values: 954, 913, 647
id: 389392128004, values: 82, 569, 455
id: 389392128001, values: 31, 15, 456
id: 389392128002, values: 587, 695, 951
id: 389392128001, values: 7, 422, 220
id: 389392128004, values: 7, 334, 370
id: 389392128003, values: 24, 199, 456
id: 389392128005, values: 439, 649, 774
id: 389392129002, values: 526, 919, 296
id: 389392129005, values: 204, 700, 619
id: 389392129005, values: 316, 317, 789
id: 389392129004, values: 813, 471, 868
id: 389392129001, values: 782, 952, 630
id: 389392129001, values: 559, 273, 713
id: 389392129002, values: 534, 898, 100
id: 389392129001, values: 267, 755, 35
id: 389392129004, values: 214, 844, 924
id: 389392129005, values: 94, 76, 471
id: 389392129003, values: 213, 916, 414
id: 389392129003, values: 595, 672, 277
id: 389392129004, values: 716, 935, 952
id: 389392129003, values: 781, 379, 66
id: 389392129001, values: 171, 408, 145
