id: 4, values: 156, 204, 159
id: 2, values: 214, 155, 147
id: 1, values: 211, 158, 263
id: 3, values: 227, 136, 254
id: 5, values: 267, 145, 267
id: 2, values: 274, 202, 170
id: 4, values: 221, 215, 251
id: 1, values: 157, 192, 261
id: 3, values: 250, 249, 230
id: 4, values: 273, 163, 155
id: 2, values: 167, 216, 243
id: 1, values: 164, 203, 206
id: 5, values: 186, 264, 226
id: 4, values: 213, 136, 167
id: 1, values: 262, 192, 140
id: 4, values: 269, 259, 170
id: 5, values: 209, 204, 237
id: 3, values: 203, 149, 133
id: 3, values: 229, 183, 149
id: 2, values: 208, 207, 222
id: 5, values: 196, 167, 224
id: 1, values: 223, 207, 163
id: 4, values: 188, 253, 186
id: 3, values: 264, 206, 268
id: 2, values: 172, 139, 142
id: 4, values: 265, 257, 208
id: 3, values: 149, 215, 130
id: 5, values: 201, 204, 156
id: 1, values: 136, 207, 240
id: 5, values: 273, 239, 208
id: 4, values: 157, 214, 265
id: 3, values: 263, 196, 148
id: 2, values: 222, 162, 225
id: 1, values: 186, 216, 233
id: 5, values: 212, 207, 134
id: 4, values: 256, 217, 199
id: 5, values: 232, 151, 171
id: 1, values: 263, 231, 181
id: 2, values: 188, 234, 265
id: 4, values: 257, 164, 245
id: 1, values: 179, 164, 270
id: 3, values: 277, 263, 181
id: 2, values: 240, 215, 183
id: 4, values: 198, 151, 257
id: 3, values: 217, 220, 207
id: 1, values: 211, 156, 230
id: 5, values: 224, 167, 146
id: 3, values: 213, 156, 137
id: 1, values: 237, 140, 276
id: 4, values: 254, 268, 205
id: 2, values: 172, 176, 251
id: 1, values: 211, 144, 136
id: 3, values: 160, 234, 157
id: 5, values: 196, 232, 162
id: 2, values: 185, 203, 203
id: 4, values: 266, 209, 275
id: 3, values: 154, 173, 238
id: 2, values: 128, 181, 184
id: 3, values: 252, 176, 269
id: 5, values: 194, 224, 201
id: 3, values: 231, 245, 236
id: 5, values: 268, 163, 223
id: 4, values: 174, 248, 253
id: 2, values: 275, 228, 130
id: 4, values: 253, 173, 253
id: 1, values: 259, 252, 267
id: 2, values: 166, 131, 232
id: 5, values: 226, 236, 183
id: 4, values: 200, 152, 145
id: 1, values: 176, 269, 241
id: 2, values: 197, 147, 160
id: 3, values: 242, 164, 213
id: 1, values: 239, 158, 250
id: 4, values: 221, 168, 177
id: 2, values: 164, 247, 213
id: 5, values: 168, 128, 183
id: 1, values: 231, 225, 176
id: 2, values: 207, 251, 198
id: 4, values: 271, 196, 185
id: 3, values: 235, 137, 143
id: 5, values: 238, 164, 209
id: 5, values: 260, 256, 238
id: 1, values: 230, 207, 130
id: 4, values: 207, 275, 143
id: 2, values: 144, 194, 205
id: 1, values: 197, 258, 128
id: 4, values: 153, 272, 167
id: 4, values: 213, 202, 229
id: 5, values: 240, 226, 257
id: 1, values: 169, 171, 271
id: 2, values: 265, 170, 231
id: 5, values: 169, 164, 227
id: 4, values: 216, 150, 228
id: 3, values: 181, 173, 138
id: 1, values: 186, 159, 251
id: 3, values: 150, 259, 187
id: 2, values: 273, 215, 244
id: 5, values: 206, 147, 212
id: 4, values: 274, 212, 250
id: 3, values: 269, 194, 267
id: 2, values: 133, 166, 175
id: 2, values: 257, 160, 241
id: 1, values: 172, 164, 263
id: 5, values: 255, 237, 213
id: 4, values: 251, 202, 181
id: 1, values: 172, 137, 263
id: 1, values: 183, 155, 162
id: 2, values: 205, 166, 197
id: 3, values: 208, 251, 145
id: 5, values: 213, 254, 239
id: 5, values: 260, 183, 136
id: 4, values: 211, 167, 222
id: 2, values: 168, 216, 259
id: 4, values: 131, 209, 210
id: 5, values: 211, 173, 210
id: 1, values: 163, 257, 136
id: 4, values: 228, 172, 158
id: 3, values: 162, 265, 148
id: 4, values: 254, 137, 152
id: 1, values: 226, 192, 263
id: 3, values: 166, 238, 129
id: 1, values: 218, 149, 223
id: 2, values: 215, 210, 230
id: 3, values: 199, 194, 158
id: 1, values: 162, 182, 201
id: 5, values: 237, 212, 218
id: 3, values: 169, 203, 166
id: 2, values: 253, 251, 240
id: 3, values: 128, 138, 160
id: 1, values: 217, 249, 251
id: 4, values: 238, 273, 196
id: 2, values: 155, 171, 174
id: 3, values: 169, 232, 270
id: 4, values: 133, 276, 274
id: 1, values: 277, 221, 161
id: 2, values: 238, 158, 162
id: 1, values: 168, 257, 252
id: 2, values: 256, 249, 254
id: 4, values: 208, 277, 261
id: 4, values: 255, 170, 138
id: 1, values: 268, 177, 229
id: 5, values: 142, 197, 245
id: 2, values: 134, 195, 217
id: 4, values: 254, 166, 209
id: 3, values: 262, 154, 181
id: 1, values: 210, 178, 236
id: 1, values: 143, 235, 178
id: 1, values: 265, 246, 251
id: 4, values: 223, 170, 154
id: 3, values: 140, 275, 271
id: 4, values: 156, 129, 198
id: 1, values: 254, 151, 222
id: 3, values: 260, 235, 149
id: 5, values: 234, 249, 141
id: 2, values: 179, 221, 233
id: 1, values: 210, 153, 266
id: 4, values: 200, 270, 231
id: 5, values: 131, 184, 141
id: 2, values: 245, 129, 207
id: 4, values: 150, 179, 225
id: 2, values: 129, 203, 259
id: 3, values: 174, 215, 204
id: 1, values: 186, 271, 189
id: 5, values: 143, 190, 168
id: 4, values: 242, 231, 146
id: 4, values: 244, 175, 142
id: 3, values: 128, 276, 270
id: 5, values: 138, 264, 203
id: 2, values: 157, 233, 275
id: 1, values: 263, 252, 257
id: 2, values: 208, 212, 209
id: 3, values: 138, 157, 278
id: 4, values: 139, 231, 171
id: 3, values: 137, 237, 270
id: 5, values: 247, 213, 161
id: 1, values: 175, 187, 232
id: 5, values: 272, 208, 246
id: 2, values: 166, 153, 202
id: 4, values: 263, 178, 259
id: 3, values: 162, 141, 129
id: 4, values: 173, 134, 159
id: 5, values: 158, 192, 182
id: 1, values: 210, 212, 129
id: 2, values: 139, 177, 192
id: 3, values: 217, 228, 129
id: 4, values: 161, 205, 172
id: 3, values: 152, 143, 191
id: 5, values: 163, 260, 176
id: 2, values: 232, 233, 156
id: 1, values: 224, 208, 252
id: 5, values: 229, 168, 153
id: 1, values: 144, 220, 207
id: 5, values: 200, 224, 219
id: 3, values: 278, 252, 256
id: 4, values: 174, 265, 154
id: 1, values: 168, 219, 210
id: 4, values: 270, 188, 189
id: 2, values: 140, 238, 207
id: 3, values: 232, 234, 260
id: 4, values: 180, 137, 207
id: 5, values: 221, 243, 216
id: 2, values: 208, 214, 131
id: 4, values: 222, 133, 274
id: 1, values: 206, 170, 264
id: 2, values: 269, 259, 251
id: 5, values: 140, 187, 193
id: 4, values: 166, 182, 211
id: 1, values: 223, 149, 174
id: 5, values: 202, 278, 197
id: 1, values: 177, 156, 129
id: 3, values: 151, 243, 219
id: 2, values: 244, 186, 178
id: 4, values: 278, 166, 153
id: 5, values: 272, 252, 199
id: 3, values: 163, 241, 145
id: 1, values: 267, 143, 187
id: 2, values: 131, 174, 247
id: 3, values: 246, 150, 247
id: 4, values: 186, 186, 202
id: 5, values: 239, 165, 187
id: 5, values: 151, 130, 160
id: 4, values: 243, 239, 262
id: 1, values: 219, 208, 209
id: 3, values: 178, 129, 199
id: 4, values: 141, 219, 156
id: 4, values: 276, 192, 268
id: 1, values: 278, 190, 203
id: 3, values: 256, 168, 168
id: 5, values: 203, 213, 149
id: 1, values: 139, 179, 150
id: 2, values: 212, 140, 238
id: 4, values: 159, 148, 251
id: 4, values: 163, 252, 187
id: 2, values: 150, 171, 194
id: 5, values: 230, 177, 225
id: 4, values: 178, 146, 243
id: 3, values: 256, 128, 243
id: 4, values: 274, 142, 186
id: 3, values: 237, 179, 240
id: 1, values: 194, 275, 216
id: 1, values: 217, 161, 255
id: 5, values: 189, 255, 173
id: 4, values: 198, 181, 198
id: 2, values: 172, 254, 278
id: 2, values: 175, 221, 269
id: 1, values: 160, 185, 140
id: 3, values: 194, 161, 237
id: 2, values: 189, 147, 181
id: 5, values: 149, 254, 216
id: 4, values: 273, 186, 180
id: 5, values: 145, 177, 225
id: 3, values: 185, 209, 241
id: 1, values: 217, 137, 130
id: 4, values: 267, 131, 142
id: 2, values: 176, 274, 182
id: 2, values: 259, 231, 174
id: 5, values: 272, 140, 130
id: 1, values: 196, 179, 151
id: 2, values: 185, 258, 222
id: 3, values: 174, 211, 128
id: 4, values: 254, 132, 134
id: 4, values: 173, 250, 144
id: 5, values: 231, 204, 185
id: 3, values: 216, 269, 128
id: 3, values: 271, 163, 229
id: 4, values: 149, 141, 156
id: 5, values: 149, 255, 139
id: 5, values: 155, 219, 140
id: 1, values: 224, 276, 192
id: 1, values: 186, 246, 267
id: 2, values: 171, 209, 209
id: 3, values: 134, 168, 251
id: 2, values: 174, 195, 139
id: 5, values: 230, 202, 182
id: 3, values: 149, 221, 235
id: 2, values: 165, 238, 211
id: 4, values: 136, 213, 205
id: 1, values: 173, 219, 158
id: 5, values: 222, 214, 204
id: 3, values: 201, 153, 274
id: 1, values: 155, 267, 175
id: 5, values: 159, 146, 133
id: 1, values: 196, 261, 166
id: 2, values: 258, 235, 205
id: 1, values: 235, 194, 198
id: 3, values: 234, 136, 239
id: 2, values: 216, 242, 198
id: 5, values: 263, 201, 167
id: 4, values: 188, 157, 160
id: 3, values: 202, 161, 225
id: 2, values: 177, 258, 213
id: 1, values: 197, 237, 198
id: 4, values: 150, 200, 136
id: 2, values: 207, 203, 264
id: 1, values: 154, 267, 166
id: 3, values: 222, 151, 139
id: 5, values: 155, 194, 220
id: 2, values: 165, 274, 195
id: 4, values: 234, 169, 142
id: 3, values: 211, 237, 246
id: 5, values: 277, 210, 135
id: 5, values: 225, 196, 274
id: 2, values: 236, 256, 162
id: 1, values: 130, 159, 184
id: 1, values: 260, 129, 268
id: 4, values: 141, 168, 242
id: 3, values: 192, 225, 156
id: 5, values: 270, 156, 231
id: 2, values: 196, 165, 158
id: 5, values: 144, 166, 134
id: 1, values: 162, 145, 210
id: 3, values: 236, 215, 150
id: 4, values: 219, 212, 177
id: 2, values: 158, 231, 163
id: 2, values: 263, 209, 222
id: 1, values: 153, 225, 180
id: 5, values: 138, 258, 154
id: 4, values: 145, 227, 240
id: 3, values: 156, 205, 248
id: 5, values: 278, 265, 175
id: 1, values: 228, 224, 166
